2026-07-09 12:45:51,896 [r0] INFO world=8 rank=0 local_rank=0 device=cuda:0
2026-07-09 12:45:51,897 [r0] INFO cfg=
{'exp_name': 'transformer_bidir_on', 'seed': 44, 'data': {'dataset_root': '/data/PF_ATIME_dataset', 'train_shots': 'meta/split_by_order_igbt/train_shots.txt', 'val_shots': 'meta/split_by_order_igbt/val_shots.txt', 'test_shots': 'meta/split_by_order_igbt/test_shots.txt', 'norm_stats': 'meta/split_by_order_igbt/norm_stats_notime.npz', 'T_max': 128, 'num_workers': 6, 'pin_memory': True, 'prefetch_factor': 4, 'persistent_workers': True}, 'model': {'name': 'transformer', 'pe_mode': 'time', 'd_state': 19, 'd_action': 12, 'd_model': 256, 'dropout': 0.1, 'T_max': 128, 'pe_base_period_s': 20.0, 'causal': False, 'n_layers': 6, 'n_heads': 8, 'd_ff': 1024}, 'optim': {'lr': 0.0003, 'weight_decay': 0.01, 'betas': [0.9, 0.95], 'grad_clip': 1.0, 'amp_dtype': 'bf16', 'epochs': 60, 'batch_per_rank': 32, 'scheduler': 'onecycle', 'warmup_pct': 0.05}, 'log': {'out_root': 'results/igbt_ablation/transformer_bidir_on', 'tb_dir': 'results/igbt_ablation/transformer_bidir_on/tb', 'log_every': 50, 'save_every_epoch': 5}, 'ddp': {'backend': 'nccl', 'find_unused_parameters': False}}
2026-07-09 12:45:51,897 [r0] INFO torch=2.4.1
2026-07-09 12:45:51,902 [r0] INFO train batches/epoch=66  val batches=9  train_size=17038  val_size=2130
2026-07-09 12:45:51,998 [r0] INFO model parameters: 4,746,764
2026-07-09 12:46:02,228 [r0] INFO epoch 0 step 0/66  loss=1.8436  lr=1.20e-05
2026-07-09 12:46:03,428 [r0] INFO epoch 0 step 50/66  loss=0.4080  lr=5.71e-05
2026-07-09 12:46:03,789 [r0] INFO epoch 0 train avg_loss=0.8544  elapsed=10.3s
2026-07-09 12:46:04,769 [r0] INFO epoch 0 VAL loss=0.3226 R^2_med=0.7125 amp_v=0.0001 didt_v=0.2180
2026-07-09 12:46:05,141 [r0] INFO epoch 1 step 0/66  loss=0.3482  lr=8.67e-05
2026-07-09 12:46:06,497 [r0] INFO epoch 1 step 50/66  loss=0.1653  lr=1.98e-04
2026-07-09 12:46:06,893 [r0] INFO epoch 1 train avg_loss=0.2240  elapsed=2.0s
2026-07-09 12:46:07,563 [r0] INFO epoch 1 VAL loss=0.1836 R^2_med=0.8370 amp_v=0.0000 didt_v=0.1710
2026-07-09 12:46:07,844 [r0] INFO epoch 2 step 0/66  loss=0.1295  lr=2.31e-04
2026-07-09 12:46:09,224 [r0] INFO epoch 2 step 50/66  loss=0.1199  lr=2.96e-04
2026-07-09 12:46:09,616 [r0] INFO epoch 2 train avg_loss=0.1397  elapsed=2.0s
2026-07-09 12:46:10,291 [r0] INFO epoch 2 VAL loss=0.1747 R^2_med=0.8374 amp_v=0.0000 didt_v=0.1331
2026-07-09 12:46:10,587 [r0] INFO epoch 3 step 0/66  loss=0.1148  lr=3.00e-04
2026-07-09 12:46:11,934 [r0] INFO epoch 3 step 50/66  loss=0.0960  lr=3.00e-04
2026-07-09 12:46:12,335 [r0] INFO epoch 3 train avg_loss=0.0988  elapsed=2.0s
2026-07-09 12:46:13,001 [r0] INFO epoch 3 VAL loss=0.1566 R^2_med=0.8352 amp_v=0.0000 didt_v=0.1230
2026-07-09 12:46:13,291 [r0] INFO epoch 4 step 0/66  loss=0.0887  lr=3.00e-04
2026-07-09 12:46:14,654 [r0] INFO epoch 4 step 50/66  loss=0.0997  lr=2.99e-04
2026-07-09 12:46:15,043 [r0] INFO epoch 4 train avg_loss=0.0756  elapsed=2.0s
2026-07-09 12:46:15,728 [r0] INFO epoch 4 VAL loss=0.1247 R^2_med=0.8784 amp_v=0.0000 didt_v=0.1111
2026-07-09 12:46:16,018 [r0] INFO epoch 5 step 0/66  loss=0.0732  lr=2.99e-04
2026-07-09 12:46:17,383 [r0] INFO epoch 5 step 50/66  loss=0.0442  lr=2.98e-04
2026-07-09 12:46:17,793 [r0] INFO epoch 5 train avg_loss=0.0644  elapsed=2.0s
2026-07-09 12:46:19,274 [r0] INFO epoch 5 VAL loss=0.1470 R^2_med=0.8610 amp_v=0.0000 didt_v=0.0975
2026-07-09 12:46:20,405 [r0] INFO epoch 6 step 0/66  loss=0.0544  lr=2.98e-04
2026-07-09 12:46:36,914 [r0] INFO epoch 6 step 50/66  loss=0.0461  lr=2.97e-04
2026-07-09 12:46:37,272 [r0] INFO epoch 6 train avg_loss=0.0533  elapsed=17.7s
2026-07-09 12:46:37,940 [r0] INFO epoch 6 VAL loss=0.1341 R^2_med=0.8792 amp_v=0.0000 didt_v=0.0921
2026-07-09 12:46:38,162 [r0] INFO epoch 7 step 0/66  loss=0.0499  lr=2.96e-04
2026-07-09 12:46:39,531 [r0] INFO epoch 7 step 50/66  loss=0.0494  lr=2.95e-04
2026-07-09 12:46:39,924 [r0] INFO epoch 7 train avg_loss=0.0483  elapsed=2.0s
2026-07-09 12:46:40,596 [r0] INFO epoch 7 VAL loss=0.1208 R^2_med=0.8962 amp_v=0.0000 didt_v=0.0889
2026-07-09 12:46:40,887 [r0] INFO epoch 8 step 0/66  loss=0.0600  lr=2.94e-04
2026-07-09 12:46:42,255 [r0] INFO epoch 8 step 50/66  loss=0.0313  lr=2.92e-04
2026-07-09 12:46:42,647 [r0] INFO epoch 8 train avg_loss=0.0437  elapsed=2.0s
2026-07-09 12:46:43,329 [r0] INFO epoch 8 VAL loss=0.1233 R^2_med=0.8882 amp_v=0.0000 didt_v=0.0861
2026-07-09 12:46:43,550 [r0] INFO epoch 9 step 0/66  loss=0.0446  lr=2.92e-04
2026-07-09 12:46:44,915 [r0] INFO epoch 9 step 50/66  loss=0.0399  lr=2.90e-04
2026-07-09 12:46:45,310 [r0] INFO epoch 9 train avg_loss=0.0418  elapsed=2.0s
2026-07-09 12:46:45,981 [r0] INFO epoch 9 VAL loss=0.1179 R^2_med=0.8923 amp_v=0.0000 didt_v=0.0881
2026-07-09 12:46:46,275 [r0] INFO epoch 10 step 0/66  loss=0.0339  lr=2.89e-04
2026-07-09 12:46:47,642 [r0] INFO epoch 10 step 50/66  loss=0.0308  lr=2.86e-04
2026-07-09 12:46:48,046 [r0] INFO epoch 10 train avg_loss=0.0366  elapsed=2.0s
2026-07-09 12:46:48,727 [r0] INFO epoch 10 VAL loss=0.1295 R^2_med=0.8750 amp_v=0.0000 didt_v=0.0849
2026-07-09 12:46:49,012 [r0] INFO epoch 11 step 0/66  loss=0.0297  lr=2.86e-04
2026-07-09 12:46:50,402 [r0] INFO epoch 11 step 50/66  loss=0.0309  lr=2.83e-04
2026-07-09 12:46:50,777 [r0] INFO epoch 11 train avg_loss=0.0328  elapsed=2.0s
2026-07-09 12:46:51,450 [r0] INFO epoch 11 VAL loss=0.1030 R^2_med=0.9054 amp_v=0.0000 didt_v=0.0860
2026-07-09 12:46:51,725 [r0] INFO epoch 12 step 0/66  loss=0.0301  lr=2.82e-04
2026-07-09 12:46:53,114 [r0] INFO epoch 12 step 50/66  loss=0.0315  lr=2.79e-04
2026-07-09 12:46:53,514 [r0] INFO epoch 12 train avg_loss=0.0309  elapsed=2.0s
2026-07-09 12:46:54,188 [r0] INFO epoch 12 VAL loss=0.1098 R^2_med=0.8969 amp_v=0.0000 didt_v=0.0830
2026-07-09 12:46:54,413 [r0] INFO epoch 13 step 0/66  loss=0.0259  lr=2.78e-04
2026-07-09 12:46:55,785 [r0] INFO epoch 13 step 50/66  loss=0.0270  lr=2.74e-04
2026-07-09 12:46:56,157 [r0] INFO epoch 13 train avg_loss=0.0283  elapsed=2.0s
2026-07-09 12:46:56,820 [r0] INFO epoch 13 VAL loss=0.1023 R^2_med=0.9069 amp_v=0.0000 didt_v=0.0823
2026-07-09 12:46:57,108 [r0] INFO epoch 14 step 0/66  loss=0.0361  lr=2.73e-04
2026-07-09 12:46:58,471 [r0] INFO epoch 14 step 50/66  loss=0.0364  lr=2.69e-04
2026-07-09 12:46:58,872 [r0] INFO epoch 14 train avg_loss=0.0280  elapsed=2.0s
2026-07-09 12:46:59,548 [r0] INFO epoch 14 VAL loss=0.1296 R^2_med=0.8728 amp_v=0.0000 didt_v=0.0809
2026-07-09 12:46:59,767 [r0] INFO epoch 15 step 0/66  loss=0.0271  lr=2.68e-04
2026-07-09 12:47:01,136 [r0] INFO epoch 15 step 50/66  loss=0.0266  lr=2.64e-04
2026-07-09 12:47:01,524 [r0] INFO epoch 15 train avg_loss=0.0266  elapsed=2.0s
2026-07-09 12:47:02,219 [r0] INFO epoch 15 VAL loss=0.1014 R^2_med=0.9062 amp_v=0.0000 didt_v=0.0809
2026-07-09 12:47:02,562 [r0] INFO epoch 16 step 0/66  loss=0.0250  lr=2.63e-04
2026-07-09 12:47:03,919 [r0] INFO epoch 16 step 50/66  loss=0.0238  lr=2.59e-04
2026-07-09 12:47:04,308 [r0] INFO epoch 16 train avg_loss=0.0243  elapsed=2.0s
2026-07-09 12:47:04,981 [r0] INFO epoch 16 VAL loss=0.0932 R^2_med=0.9179 amp_v=0.0000 didt_v=0.0832
2026-07-09 12:47:05,273 [r0] INFO epoch 17 step 0/66  loss=0.0252  lr=2.57e-04
2026-07-09 12:47:06,638 [r0] INFO epoch 17 step 50/66  loss=0.0210  lr=2.53e-04
2026-07-09 12:47:07,032 [r0] INFO epoch 17 train avg_loss=0.0235  elapsed=2.0s
2026-07-09 12:47:07,704 [r0] INFO epoch 17 VAL loss=0.1156 R^2_med=0.8934 amp_v=0.0000 didt_v=0.0800
2026-07-09 12:47:07,925 [r0] INFO epoch 18 step 0/66  loss=0.0228  lr=2.51e-04
2026-07-09 12:47:09,281 [r0] INFO epoch 18 step 50/66  loss=0.0348  lr=2.47e-04
2026-07-09 12:47:10,238 [r0] INFO epoch 18 train avg_loss=0.0221  elapsed=2.5s
2026-07-09 12:47:10,916 [r0] INFO epoch 18 VAL loss=0.0926 R^2_med=0.9154 amp_v=0.0000 didt_v=0.0811
2026-07-09 12:47:11,212 [r0] INFO epoch 19 step 0/66  loss=0.0199  lr=2.45e-04
2026-07-09 12:47:12,574 [r0] INFO epoch 19 step 50/66  loss=0.0202  lr=2.40e-04
2026-07-09 12:47:12,957 [r0] INFO epoch 19 train avg_loss=0.0211  elapsed=2.0s
2026-07-09 12:47:13,629 [r0] INFO epoch 19 VAL loss=0.1138 R^2_med=0.8894 amp_v=0.0000 didt_v=0.0783
2026-07-09 12:47:13,853 [r0] INFO epoch 20 step 0/66  loss=0.0261  lr=2.39e-04
2026-07-09 12:47:15,219 [r0] INFO epoch 20 step 50/66  loss=0.0166  lr=2.34e-04
2026-07-09 12:47:15,617 [r0] INFO epoch 20 train avg_loss=0.0211  elapsed=2.0s
2026-07-09 12:47:16,298 [r0] INFO epoch 20 VAL loss=0.0885 R^2_med=0.9231 amp_v=0.0000 didt_v=0.0774
2026-07-09 12:47:16,649 [r0] INFO epoch 21 step 0/66  loss=0.0162  lr=2.32e-04
2026-07-09 12:47:18,011 [r0] INFO epoch 21 step 50/66  loss=0.0184  lr=2.27e-04
2026-07-09 12:47:18,404 [r0] INFO epoch 21 train avg_loss=0.0189  elapsed=2.0s
2026-07-09 12:47:19,070 [r0] INFO epoch 21 VAL loss=0.0960 R^2_med=0.9104 amp_v=0.0000 didt_v=0.0782
2026-07-09 12:47:19,305 [r0] INFO epoch 22 step 0/66  loss=0.0163  lr=2.25e-04
2026-07-09 12:47:20,665 [r0] INFO epoch 22 step 50/66  loss=0.0193  lr=2.19e-04
2026-07-09 12:47:21,056 [r0] INFO epoch 22 train avg_loss=0.0189  elapsed=2.0s
2026-07-09 12:47:21,732 [r0] INFO epoch 22 VAL loss=0.0893 R^2_med=0.9200 amp_v=0.0000 didt_v=0.0769
2026-07-09 12:47:21,963 [r0] INFO epoch 23 step 0/66  loss=0.0166  lr=2.18e-04
2026-07-09 12:47:23,312 [r0] INFO epoch 23 step 50/66  loss=0.0210  lr=2.12e-04
2026-07-09 12:47:23,733 [r0] INFO epoch 23 train avg_loss=0.0178  elapsed=2.0s
2026-07-09 12:47:24,408 [r0] INFO epoch 23 VAL loss=0.0907 R^2_med=0.9168 amp_v=0.0000 didt_v=0.0770
2026-07-09 12:47:24,632 [r0] INFO epoch 24 step 0/66  loss=0.0261  lr=2.10e-04
2026-07-09 12:47:26,006 [r0] INFO epoch 24 step 50/66  loss=0.0143  lr=2.04e-04
2026-07-09 12:47:26,387 [r0] INFO epoch 24 train avg_loss=0.0176  elapsed=2.0s
2026-07-09 12:47:27,059 [r0] INFO epoch 24 VAL loss=0.0921 R^2_med=0.9154 amp_v=0.0000 didt_v=0.0782
2026-07-09 12:47:27,300 [r0] INFO epoch 25 step 0/66  loss=0.0174  lr=2.02e-04
2026-07-09 12:47:28,654 [r0] INFO epoch 25 step 50/66  loss=0.0118  lr=1.96e-04
2026-07-09 12:47:29,043 [r0] INFO epoch 25 train avg_loss=0.0161  elapsed=2.0s
2026-07-09 12:47:29,724 [r0] INFO epoch 25 VAL loss=0.0840 R^2_med=0.9245 amp_v=0.0000 didt_v=0.0767
2026-07-09 12:47:30,070 [r0] INFO epoch 26 step 0/66  loss=0.0141  lr=1.95e-04
2026-07-09 12:47:31,433 [r0] INFO epoch 26 step 50/66  loss=0.0153  lr=1.89e-04
2026-07-09 12:47:31,830 [r0] INFO epoch 26 train avg_loss=0.0159  elapsed=2.0s
2026-07-09 12:47:32,505 [r0] INFO epoch 26 VAL loss=0.0855 R^2_med=0.9220 amp_v=0.0000 didt_v=0.0778
2026-07-09 12:47:32,728 [r0] INFO epoch 27 step 0/66  loss=0.0135  lr=1.87e-04
2026-07-09 12:47:34,112 [r0] INFO epoch 27 step 50/66  loss=0.0132  lr=1.80e-04
2026-07-09 12:47:34,506 [r0] INFO epoch 27 train avg_loss=0.0152  elapsed=2.0s
2026-07-09 12:47:35,176 [r0] INFO epoch 27 VAL loss=0.0925 R^2_med=0.9162 amp_v=0.0000 didt_v=0.0769
2026-07-09 12:47:35,397 [r0] INFO epoch 28 step 0/66  loss=0.0141  lr=1.79e-04
2026-07-09 12:47:36,774 [r0] INFO epoch 28 step 50/66  loss=0.0129  lr=1.72e-04
2026-07-09 12:47:37,159 [r0] INFO epoch 28 train avg_loss=0.0150  elapsed=2.0s
2026-07-09 12:47:37,833 [r0] INFO epoch 28 VAL loss=0.0849 R^2_med=0.9246 amp_v=0.0000 didt_v=0.0739
2026-07-09 12:47:38,066 [r0] INFO epoch 29 step 0/66  loss=0.0109  lr=1.70e-04
2026-07-09 12:47:39,429 [r0] INFO epoch 29 step 50/66  loss=0.0162  lr=1.64e-04
2026-07-09 12:47:39,821 [r0] INFO epoch 29 train avg_loss=0.0147  elapsed=2.0s
2026-07-09 12:47:40,497 [r0] INFO epoch 29 VAL loss=0.0855 R^2_med=0.9179 amp_v=0.0000 didt_v=0.0756
2026-07-09 12:47:40,720 [r0] INFO epoch 30 step 0/66  loss=0.0140  lr=1.62e-04
2026-07-09 12:47:42,077 [r0] INFO epoch 30 step 50/66  loss=0.0151  lr=1.56e-04
2026-07-09 12:47:42,471 [r0] INFO epoch 30 train avg_loss=0.0137  elapsed=2.0s
2026-07-09 12:47:43,142 [r0] INFO epoch 30 VAL loss=0.0946 R^2_med=0.9118 amp_v=0.0000 didt_v=0.0765
2026-07-09 12:47:43,436 [r0] INFO epoch 31 step 0/66  loss=0.0152  lr=1.54e-04
2026-07-09 12:47:44,814 [r0] INFO epoch 31 step 50/66  loss=0.0114  lr=1.48e-04
2026-07-09 12:47:45,206 [r0] INFO epoch 31 train avg_loss=0.0135  elapsed=2.0s
2026-07-09 12:47:45,874 [r0] INFO epoch 31 VAL loss=0.0872 R^2_med=0.9169 amp_v=0.0000 didt_v=0.0773
2026-07-09 12:47:46,103 [r0] INFO epoch 32 step 0/66  loss=0.0119  lr=1.46e-04
2026-07-09 12:47:47,452 [r0] INFO epoch 32 step 50/66  loss=0.0142  lr=1.39e-04
2026-07-09 12:47:47,843 [r0] INFO epoch 32 train avg_loss=0.0126  elapsed=2.0s
2026-07-09 12:47:48,512 [r0] INFO epoch 32 VAL loss=0.0811 R^2_med=0.9268 amp_v=0.0000 didt_v=0.0772
2026-07-09 12:47:48,813 [r0] INFO epoch 33 step 0/66  loss=0.0130  lr=1.37e-04
2026-07-09 12:47:50,180 [r0] INFO epoch 33 step 50/66  loss=0.0111  lr=1.31e-04
2026-07-09 12:47:50,566 [r0] INFO epoch 33 train avg_loss=0.0130  elapsed=2.0s
2026-07-09 12:47:51,241 [r0] INFO epoch 33 VAL loss=0.0871 R^2_med=0.9204 amp_v=0.0000 didt_v=0.0760
2026-07-09 12:47:51,472 [r0] INFO epoch 34 step 0/66  loss=0.0150  lr=1.29e-04
2026-07-09 12:47:52,838 [r0] INFO epoch 34 step 50/66  loss=0.0121  lr=1.23e-04
2026-07-09 12:47:53,226 [r0] INFO epoch 34 train avg_loss=0.0130  elapsed=2.0s
2026-07-09 12:47:53,903 [r0] INFO epoch 34 VAL loss=0.0835 R^2_med=0.9245 amp_v=0.0000 didt_v=0.0750
2026-07-09 12:47:54,117 [r0] INFO epoch 35 step 0/66  loss=0.0155  lr=1.21e-04
2026-07-09 12:47:55,487 [r0] INFO epoch 35 step 50/66  loss=0.0106  lr=1.15e-04
2026-07-09 12:47:55,877 [r0] INFO epoch 35 train avg_loss=0.0121  elapsed=2.0s
2026-07-09 12:47:56,552 [r0] INFO epoch 35 VAL loss=0.0846 R^2_med=0.9208 amp_v=0.0000 didt_v=0.0780
2026-07-09 12:47:56,841 [r0] INFO epoch 36 step 0/66  loss=0.0106  lr=1.13e-04
2026-07-09 12:47:58,191 [r0] INFO epoch 36 step 50/66  loss=0.0125  lr=1.07e-04
2026-07-09 12:47:58,590 [r0] INFO epoch 36 train avg_loss=0.0118  elapsed=2.0s
2026-07-09 12:47:59,264 [r0] INFO epoch 36 VAL loss=0.0820 R^2_med=0.9235 amp_v=0.0000 didt_v=0.0761
2026-07-09 12:47:59,492 [r0] INFO epoch 37 step 0/66  loss=0.0111  lr=1.05e-04
2026-07-09 12:48:00,843 [r0] INFO epoch 37 step 50/66  loss=0.0133  lr=9.91e-05
2026-07-09 12:48:01,241 [r0] INFO epoch 37 train avg_loss=0.0118  elapsed=2.0s
2026-07-09 12:48:01,912 [r0] INFO epoch 37 VAL loss=0.0857 R^2_med=0.9226 amp_v=0.0000 didt_v=0.0756
2026-07-09 12:48:02,141 [r0] INFO epoch 38 step 0/66  loss=0.0116  lr=9.72e-05
2026-07-09 12:48:03,515 [r0] INFO epoch 38 step 50/66  loss=0.0093  lr=9.14e-05
2026-07-09 12:48:03,906 [r0] INFO epoch 38 train avg_loss=0.0113  elapsed=2.0s
2026-07-09 12:48:04,583 [r0] INFO epoch 38 VAL loss=0.0800 R^2_med=0.9263 amp_v=0.0000 didt_v=0.0769
2026-07-09 12:48:04,868 [r0] INFO epoch 39 step 0/66  loss=0.0103  lr=8.95e-05
2026-07-09 12:48:06,228 [r0] INFO epoch 39 step 50/66  loss=0.0151  lr=8.38e-05
2026-07-09 12:48:06,618 [r0] INFO epoch 39 train avg_loss=0.0110  elapsed=2.0s
2026-07-09 12:48:07,292 [r0] INFO epoch 39 VAL loss=0.0795 R^2_med=0.9278 amp_v=0.0000 didt_v=0.0754
2026-07-09 12:48:07,582 [r0] INFO epoch 40 step 0/66  loss=0.0091  lr=8.20e-05
2026-07-09 12:48:08,936 [r0] INFO epoch 40 step 50/66  loss=0.0091  lr=7.65e-05
2026-07-09 12:48:09,328 [r0] INFO epoch 40 train avg_loss=0.0106  elapsed=2.0s
2026-07-09 12:48:09,999 [r0] INFO epoch 40 VAL loss=0.0776 R^2_med=0.9279 amp_v=0.0000 didt_v=0.0758
2026-07-09 12:48:10,348 [r0] INFO epoch 41 step 0/66  loss=0.0091  lr=7.48e-05
2026-07-09 12:48:11,701 [r0] INFO epoch 41 step 50/66  loss=0.0091  lr=6.94e-05
2026-07-09 12:48:12,102 [r0] INFO epoch 41 train avg_loss=0.0101  elapsed=2.0s
2026-07-09 12:48:12,772 [r0] INFO epoch 41 VAL loss=0.0825 R^2_med=0.9227 amp_v=0.0000 didt_v=0.0757
2026-07-09 12:48:12,983 [r0] INFO epoch 42 step 0/66  loss=0.0094  lr=6.77e-05
2026-07-09 12:48:14,362 [r0] INFO epoch 42 step 50/66  loss=0.0086  lr=6.26e-05
2026-07-09 12:48:14,767 [r0] INFO epoch 42 train avg_loss=0.0101  elapsed=2.0s
2026-07-09 12:48:15,433 [r0] INFO epoch 42 VAL loss=0.0809 R^2_med=0.9259 amp_v=0.0000 didt_v=0.0759
2026-07-09 12:48:15,666 [r0] INFO epoch 43 step 0/66  loss=0.0091  lr=6.10e-05
2026-07-09 12:48:17,016 [r0] INFO epoch 43 step 50/66  loss=0.0088  lr=5.60e-05
2026-07-09 12:48:17,452 [r0] INFO epoch 43 train avg_loss=0.0097  elapsed=2.0s
2026-07-09 12:48:18,115 [r0] INFO epoch 43 VAL loss=0.0747 R^2_med=0.9306 amp_v=0.0000 didt_v=0.0766
2026-07-09 12:48:18,402 [r0] INFO epoch 44 step 0/66  loss=0.0120  lr=5.44e-05
2026-07-09 12:48:19,770 [r0] INFO epoch 44 step 50/66  loss=0.0123  lr=4.97e-05
2026-07-09 12:48:20,166 [r0] INFO epoch 44 train avg_loss=0.0102  elapsed=2.0s
2026-07-09 12:48:20,834 [r0] INFO epoch 44 VAL loss=0.0768 R^2_med=0.9297 amp_v=0.0000 didt_v=0.0749
2026-07-09 12:48:21,062 [r0] INFO epoch 45 step 0/66  loss=0.0085  lr=4.82e-05
2026-07-09 12:48:22,422 [r0] INFO epoch 45 step 50/66  loss=0.0071  lr=4.37e-05
2026-07-09 12:48:22,813 [r0] INFO epoch 45 train avg_loss=0.0098  elapsed=2.0s
2026-07-09 12:48:23,475 [r0] INFO epoch 45 VAL loss=0.0768 R^2_med=0.9290 amp_v=0.0000 didt_v=0.0757
2026-07-09 12:48:23,762 [r0] INFO epoch 46 step 0/66  loss=0.0125  lr=4.23e-05
2026-07-09 12:48:25,117 [r0] INFO epoch 46 step 50/66  loss=0.0093  lr=3.80e-05
2026-07-09 12:48:25,507 [r0] INFO epoch 46 train avg_loss=0.0093  elapsed=2.0s
2026-07-09 12:48:26,185 [r0] INFO epoch 46 VAL loss=0.0781 R^2_med=0.9288 amp_v=0.0000 didt_v=0.0749
2026-07-09 12:48:26,415 [r0] INFO epoch 47 step 0/66  loss=0.0084  lr=3.67e-05
2026-07-09 12:48:27,781 [r0] INFO epoch 47 step 50/66  loss=0.0082  lr=3.27e-05
2026-07-09 12:48:28,169 [r0] INFO epoch 47 train avg_loss=0.0093  elapsed=2.0s
2026-07-09 12:48:28,835 [r0] INFO epoch 47 VAL loss=0.0737 R^2_med=0.9331 amp_v=0.0000 didt_v=0.0757
2026-07-09 12:48:29,127 [r0] INFO epoch 48 step 0/66  loss=0.0100  lr=3.15e-05
2026-07-09 12:48:30,480 [r0] INFO epoch 48 step 50/66  loss=0.0078  lr=2.77e-05
2026-07-09 12:48:30,869 [r0] INFO epoch 48 train avg_loss=0.0093  elapsed=2.0s
2026-07-09 12:48:31,544 [r0] INFO epoch 48 VAL loss=0.0766 R^2_med=0.9298 amp_v=0.0000 didt_v=0.0757
2026-07-09 12:48:31,760 [r0] INFO epoch 49 step 0/66  loss=0.0083  lr=2.66e-05
2026-07-09 12:48:33,134 [r0] INFO epoch 49 step 50/66  loss=0.0085  lr=2.31e-05
2026-07-09 12:48:33,514 [r0] INFO epoch 49 train avg_loss=0.0094  elapsed=2.0s
2026-07-09 12:48:34,193 [r0] INFO epoch 49 VAL loss=0.0770 R^2_med=0.9292 amp_v=0.0000 didt_v=0.0749
2026-07-09 12:48:34,417 [r0] INFO epoch 50 step 0/66  loss=0.0092  lr=2.21e-05
2026-07-09 12:48:35,798 [r0] INFO epoch 50 step 50/66  loss=0.0078  lr=1.89e-05
2026-07-09 12:48:36,169 [r0] INFO epoch 50 train avg_loss=0.0088  elapsed=2.0s
2026-07-09 12:48:36,845 [r0] INFO epoch 50 VAL loss=0.0769 R^2_med=0.9293 amp_v=0.0000 didt_v=0.0753
2026-07-09 12:48:37,139 [r0] INFO epoch 51 step 0/66  loss=0.0079  lr=1.80e-05
2026-07-09 12:48:38,508 [r0] INFO epoch 51 step 50/66  loss=0.0085  lr=1.51e-05
2026-07-09 12:48:38,896 [r0] INFO epoch 51 train avg_loss=0.0090  elapsed=2.0s
2026-07-09 12:48:39,566 [r0] INFO epoch 51 VAL loss=0.0757 R^2_med=0.9312 amp_v=0.0000 didt_v=0.0757
2026-07-09 12:48:39,789 [r0] INFO epoch 52 step 0/66  loss=0.0080  lr=1.42e-05
2026-07-09 12:48:41,156 [r0] INFO epoch 52 step 50/66  loss=0.0077  lr=1.17e-05
2026-07-09 12:48:41,539 [r0] INFO epoch 52 train avg_loss=0.0088  elapsed=2.0s
2026-07-09 12:48:42,207 [r0] INFO epoch 52 VAL loss=0.0754 R^2_med=0.9313 amp_v=0.0000 didt_v=0.0754
2026-07-09 12:48:42,432 [r0] INFO epoch 53 step 0/66  loss=0.0072  lr=1.09e-05
2026-07-09 12:48:43,815 [r0] INFO epoch 53 step 50/66  loss=0.0088  lr=8.71e-06
2026-07-09 12:48:44,205 [r0] INFO epoch 53 train avg_loss=0.0087  elapsed=2.0s
2026-07-09 12:48:44,874 [r0] INFO epoch 53 VAL loss=0.0732 R^2_med=0.9329 amp_v=0.0000 didt_v=0.0752
2026-07-09 12:48:45,164 [r0] INFO epoch 54 step 0/66  loss=0.0093  lr=8.05e-06
2026-07-09 12:48:46,531 [r0] INFO epoch 54 step 50/66  loss=0.0071  lr=6.15e-06
2026-07-09 12:48:46,920 [r0] INFO epoch 54 train avg_loss=0.0085  elapsed=2.0s
2026-07-09 12:48:47,600 [r0] INFO epoch 54 VAL loss=0.0745 R^2_med=0.9318 amp_v=0.0000 didt_v=0.0751
2026-07-09 12:48:47,830 [r0] INFO epoch 55 step 0/66  loss=0.0074  lr=5.59e-06
2026-07-09 12:48:49,208 [r0] INFO epoch 55 step 50/66  loss=0.0101  lr=4.03e-06
2026-07-09 12:48:49,602 [r0] INFO epoch 55 train avg_loss=0.0089  elapsed=2.0s
2026-07-09 12:48:50,282 [r0] INFO epoch 55 VAL loss=0.0749 R^2_med=0.9309 amp_v=0.0000 didt_v=0.0754
2026-07-09 12:48:50,570 [r0] INFO epoch 56 step 0/66  loss=0.0077  lr=3.58e-06
2026-07-09 12:48:51,943 [r0] INFO epoch 56 step 50/66  loss=0.0083  lr=2.35e-06
2026-07-09 12:48:52,338 [r0] INFO epoch 56 train avg_loss=0.0089  elapsed=2.0s
2026-07-09 12:48:53,007 [r0] INFO epoch 56 VAL loss=0.0745 R^2_med=0.9319 amp_v=0.0000 didt_v=0.0753
2026-07-09 12:48:53,230 [r0] INFO epoch 57 step 0/66  loss=0.0111  lr=2.01e-06
2026-07-09 12:48:54,605 [r0] INFO epoch 57 step 50/66  loss=0.0085  lr=1.11e-06
2026-07-09 12:48:54,999 [r0] INFO epoch 57 train avg_loss=0.0089  elapsed=2.0s
2026-07-09 12:48:55,672 [r0] INFO epoch 57 VAL loss=0.0748 R^2_med=0.9315 amp_v=0.0000 didt_v=0.0754
2026-07-09 12:48:55,893 [r0] INFO epoch 58 step 0/66  loss=0.0070  lr=8.84e-07
2026-07-09 12:48:57,258 [r0] INFO epoch 58 step 50/66  loss=0.0100  lr=3.36e-07
2026-07-09 12:48:57,638 [r0] INFO epoch 58 train avg_loss=0.0087  elapsed=2.0s
2026-07-09 12:48:58,303 [r0] INFO epoch 58 VAL loss=0.0749 R^2_med=0.9313 amp_v=0.0000 didt_v=0.0754
2026-07-09 12:48:58,528 [r0] INFO epoch 59 step 0/66  loss=0.0094  lr=2.15e-07
2026-07-09 12:48:59,898 [r0] INFO epoch 59 step 50/66  loss=0.0085  lr=1.15e-08
2026-07-09 12:49:00,273 [r0] INFO epoch 59 train avg_loss=0.0089  elapsed=2.0s
2026-07-09 12:49:00,942 [r0] INFO epoch 59 VAL loss=0.0747 R^2_med=0.9315 amp_v=0.0000 didt_v=0.0754
